pverma13@pulkit-laptop:~/Code/topic_modeling/src$ python initialize_working_28nov_night.py
3.32350230209086
3.3343884596362234
pverma13@pulkit-laptop:~/Code/topic_modeling/src$ python initialize_working_28nov_night.py
3.323502301302404
3.3317080626562317
pverma13@pulkit-laptop:~/Code/topic_modeling/src$ python initialize_working_28nov_night.py
3.323502330024928
3.327962811203901
pverma13@pulkit-laptop:~/Code/topic_modeling/src$ python initialize_working_28nov_night.py
3.3235023049758206
3.3257246881814884
pverma13@pulkit-laptop:~/Code/topic_modeling/src$ python initialize_working_28nov_night.py
3.323502289965899
3.3244050617817633
pverma13@pulkit-laptop:~/Code/topic_modeling/src$ python initialize_working_28nov_night.py
3.323502289807134
3.324117108171784
pverma13@pulkit-laptop:~/Code/topic_modeling/src$ python initialize_working_28nov_night.py
3.323502289416281
3.323699689755551
pverma13@pulkit-laptop:~/Code/topic_modeling/src$ python initialize_working_28nov_night.py
3.3235022884644114
3.3236788455312345
pverma13@pulkit-laptop:~/Code/topic_modeling/src$ python initialize_working_28nov_night.py
3.3235022882333904
3.3238151328840666
pverma13@pulkit-laptop:~/Code/topic_modeling/src$ python initialize_working_28nov_night.py
initialize_working_28nov_night.py:146: RuntimeWarning: invalid value encountered in log
  logp = tw_y_count * np.log(((vw_z_count + 1)/(vw_z_count+0.01))+0.01)
/home/pverma13/snap/anaconda3/lib/python3.6/site-packages/numpy/core/_methods.py:26: RuntimeWarning: invalid value encountered in reduce
  return umr_maximum(a, axis, None, out, keepdims)
nan
nan
pverma13@pulkit-laptop:~/Code/topic_modeling/src$ python initialize_working_28nov_night.py
3.32350228824957
3.324080984842813
